// Jest Snapshot v1, https://goo.gl/fbAQLP

exports[`renders correctly 1`] = `
<div
  className="TrackCardList"
>
  <div
    className="TrackCardListHeader"
  >
    <div
      className="title"
    >
      <b />
    </div>
    <div
      className="space"
    />
  </div>
  <div
    className="list"
  />
</div>
`;
